// Jest Snapshot v1, https://goo.gl/fbAQLP

exports[`<GoBackButton /> renders without crashing 1`] = `undefined`;
