// Jest Snapshot v1, https://goo.gl/fbAQLP

exports[`<GlobalSpinner /> renders without crashing 1`] = `ReactWrapper {}`;
